---
source: crates/a2s/tests/snapshot_test.rs
expression: reparsed
---
Info {
    protocol: 17,
    name: "DayOne Namalsk Hardcore Survival #2 (2/2) - 1PP",
    map: "namalsk",
    folder: "dayz",
    game: "Namalsk using Sumrak\'s Hardcore mission. https://discord.gg/day",
    app_id: AppId(
        0,
    ),
    players: 38,
    max_players: 40,
    bots: 0,
    server_type: Dedicated,
    server_os: Windows,
    visibility: false,
    vac: true,
    the_ship: None,
    version: "1.28.161464",
    edf: 177,
    extended_server_info: ExtendedServerInfo {
        port: Some(
            2402,
        ),
        steam_id: Some(
            SteamId(
                90282753112321032,
            ),
        ),
        keywords: Some(
            "battleye,no3rd,external,privHive,shard111,lqs0,etm2.500000,entm9.000000,mod,13:51",
        ),
        game_id: Some(
            GameId(
                221100,
            ),
        ),
    },
    source_tv: None,
}
