---
source: crates/a2s/tests/snapshot_test.rs
assertion_line: 47
expression: rules
---
[
    Rule {
        name: "\x01\x07",
        value: "\x02\x01\x02\x01\x02\x01\x02\x11\xd62\xe2\xb9\x04\xe6\xb3,\x9f\x17Building Fortifications\xb0\xe0\xaf\x16\x04\xb7\xf08m\rFlipTransport\xc085\xa2\x04\xbc\x14\xa2\xb8\x13Dutch Army Clothing\xd1\x10B^\x04\x83MU]\x0cBuilderItems\x92%\x83\"\x04\x8f\xc3\x0ci\x1bUn",
    },
    Rule {
        name: "\x02\x07",
        value: "cuepa\'s Civilian Clothing\x01\x02\xa9;\x9c\x04\xab~0w\x1fCold War Uniforms: Project Iron\x8f\x13\xc8.\x04\xa4\x97sl\tEar Plugs?,\x10\x01\x01\x04\xa3Z\xfc\x91\x0eMagObfuscation\xe0\u{6dd}\x1c\x04T\xc4\xfbl\rVPPAdm",
    },
    Rule {
        name: "\x03\x07",
        value: "inTools\x1b\x18\xdb\x1e\x04\xea\xd4\x1eb\x08CodeLock\xe1QV\xe5\x04 \x9e\xb6\x97\x0eDabs Framework\xfc\xecIm\x04\x01\x02\x08\'k\x12WindstrideClothing\xfa\x1c\xdf\xc8\x04Z츪\tKarmaKrew4*;\xb8\x04\xd8$L\x8c\x14VanillaRoadPartsPack",
    },
    Rule {
        name: "\x04\x07",
        value: "\xc1Ưh\x04\x04\xb0\xef\\\x13Community FrameworkQˌ\xf1\x04e\xa7ʴ\x1bKarmaKrew Chernarus Balance7\xd0S\x9d\x04\x8e\x8d\xbd\x7f\x16Advanced Weapon Scopes\x19\x0cbastard.info\x17Building-Forti",
    },
    Rule {
        name: "\x05\x07",
        value: "fications\x0bcftoolsRoot\nCodeLockv3\x0bCooltrainV3\x05cynep\x03dab\x04dayz\tExpansion\x0eGormirnV2Roads\x07Hunterz\x0cInclementDab\x06Inkota\x0eJacob_Mango_V3",
    },
    Rule {
        name: "\x06\x07",
        value: "\x05JESSR\x10KarmaKrewDevTeam\x04L4DS\x0eLBmasterPub_v3\x0cNotABananaV3\tSirKydric\x03TRG\x07Uncuepa\x03VPP\tWardog.v3\x0cWindstrideV2 https://www.discord.g",
    },
    Rule {
        name: "\x07\x07",
        value: "g/KarmaKrew",
    },
    Rule {
        name: "allowedBuild",
        value: "0",
    },
    Rule {
        name: "clientPort",
        value: "0",
    },
    Rule {
        name: "dedicated",
        value: "1",
    },
    Rule {
        name: "island",
        value: "chernarusplus",
    },
    Rule {
        name: "language",
        value: "65545",
    },
    Rule {
        name: "platform",
        value: "win",
    },
    Rule {
        name: "requiredBuild",
        value: "0",
    },
    Rule {
        name: "requiredVersion",
        value: "128",
    },
    Rule {
        name: "timeLeft",
        value: "15",
    },
]
